2026-05-30 23:43:39,715 - INFO - ============================================================
2026-05-30 23:43:39,716 - INFO - BRIDGE MONITORING
2026-05-30 23:43:39,716 - INFO - ============================================================
2026-05-30 23:43:40,974 - INFO - Strain_microstrain: KS=1.0000, p=0.000000, drift=True
2026-05-30 23:43:40,984 - INFO - Deflection_mm: KS=1.0000, p=0.000000, drift=True
2026-05-30 23:43:40,996 - INFO - Vibration_ms2: KS=0.7262, p=0.000000, drift=True
2026-05-30 23:43:41,009 - INFO - Tilt_deg: KS=0.7419, p=0.000000, drift=True
2026-05-30 23:43:41,019 - INFO - Displacement_mm: KS=1.0000, p=0.000000, drift=True
2026-05-30 23:43:41,028 - INFO - Crack_Propagation_mm: KS=0.4999, p=0.000000, drift=True
2026-05-30 23:43:41,039 - INFO - Corrosion_Level_percent: KS=0.4974, p=0.000000, drift=True
2026-05-30 23:43:41,048 - INFO - Cable_Member_Tension_kN: KS=1.0000, p=0.000000, drift=True
2026-05-30 23:43:41,056 - INFO - Bearing_Joint_Forces_kN: KS=1.0000, p=0.000000, drift=True
2026-05-30 23:43:41,066 - INFO - Fatigue_Accumulation_au: KS=0.4964, p=0.000000, drift=True
2026-05-30 23:43:41,076 - INFO - Modal_Frequency_Hz: KS=0.9504, p=0.000000, drift=True
2026-05-30 23:43:41,086 - INFO - Temperature_C: KS=0.9538, p=0.000000, drift=True
2026-05-30 23:43:41,094 - INFO - Humidity_percent: KS=1.0000, p=0.000000, drift=True
2026-05-30 23:43:41,104 - INFO - Wind_Speed_ms: KS=1.0000, p=0.000000, drift=True
2026-05-30 23:43:41,111 - INFO - Wind_Direction_deg: KS=1.0000, p=0.000000, drift=True
2026-05-30 23:43:41,122 - INFO - Precipitation_mmh: KS=0.4891, p=0.000000, drift=True
2026-05-30 23:43:41,132 - INFO - Water_Level_m: KS=0.9914, p=0.000000, drift=True
2026-05-30 23:43:41,143 - INFO - Seismic_Activity_ms2: KS=0.9984, p=0.000000, drift=True
2026-05-30 23:43:41,153 - INFO - Solar_Radiation_Wm2: KS=0.7483, p=0.000000, drift=True
2026-05-30 23:43:41,162 - INFO - Soil_Settlement_mm: KS=0.4967, p=0.000000, drift=True
2026-05-30 23:43:41,172 - INFO - Vehicle_Load_tons: KS=1.0000, p=0.000000, drift=True
2026-05-30 23:43:41,182 - INFO - Traffic_Volume_vph: KS=1.0000, p=0.000000, drift=True
2026-05-30 23:43:41,192 - INFO - Pedestrian_Load_pph: KS=1.0000, p=0.000000, drift=True
2026-05-30 23:43:41,200 - INFO - Impact_Events_g: KS=1.0000, p=0.000000, drift=True
2026-05-30 23:43:41,209 - INFO - Dynamic_Load_Distribution_percent: KS=1.0000, p=0.000000, drift=True
2026-05-30 23:43:41,218 - INFO - Anomaly_Detection_Score: KS=0.9698, p=0.000000, drift=True
2026-05-30 23:43:41,227 - INFO - Energy_Dissipation_au: KS=0.7406, p=0.000000, drift=True
2026-05-30 23:43:41,237 - INFO - Acoustic_Emissions_levels: KS=0.9221, p=0.000000, drift=True
2026-05-30 23:43:41,248 - INFO - Visual_Analysis_Defect_Score: KS=0.5005, p=0.000000, drift=True
2026-05-30 23:43:41,260 - INFO - Electrical_Resistance_ohms: KS=0.5686, p=0.000000, drift=True
2026-05-30 23:43:41,267 - INFO - Localized_Strain_Hotspot: KS=0.9956, p=0.000000, drift=True
2026-05-30 23:43:41,359 - INFO - Flood_Event_Flag: KS=0.0001, p=1.000000, drift=False
2026-05-30 23:43:41,367 - INFO - Soil_Saturation_percent: KS=1.0000, p=0.000000, drift=True
2026-05-30 23:43:41,372 - INFO - Landslide_Ground_Movement: KS=0.0000, p=1.000000, drift=False
2026-05-30 23:43:41,384 - INFO - Simulated_Slope_Displacement_mm: KS=0.5016, p=0.000000, drift=True
2026-05-30 23:43:41,389 - INFO - High_Winds_Storms: KS=0.0000, p=1.000000, drift=False
2026-05-30 23:43:41,398 - INFO - Simulated_Wind_Load_Pressure_kPa: KS=0.5698, p=0.000000, drift=True
2026-05-30 23:43:41,404 - INFO - Abnormal_Traffic_Load_Surges: KS=0.0000, p=1.000000, drift=False
2026-05-30 23:43:41,409 - INFO - Simulated_Localized_Stress_Index: KS=0.5952, p=0.000000, drift=True
2026-05-30 23:43:41,423 - INFO - Monitoring metrics saved to: C:\Users\Dev Bohra\Desktop\applied-project-cl04_g06\artifacts\metrics\monitoring_metrics.json
2026-05-30 23:43:41,423 - INFO - Drift report saved to: C:\Users\Dev Bohra\Desktop\applied-project-cl04_g06\monitoring\reports\drift_report.json
2026-05-30 23:43:41,423 - INFO - Alerts saved to: C:\Users\Dev Bohra\Desktop\applied-project-cl04_g06\monitoring\alerts\monitoring_alerts.txt
2026-05-30 23:43:41,423 - INFO - ALERT: Data drift detected in 35 feature(s): Strain_microstrain, Deflection_mm, Vibration_ms2, Tilt_deg, Displacement_mm, Crack_Propagation_mm, Corrosion_Level_percent, Cable_Member_Tension_kN, Bearing_Joint_Forces_kN, Fatigue_Accumulation_au, Modal_Frequency_Hz, Temperature_C, Humidity_percent, Wind_Speed_ms, Wind_Direction_deg, Precipitation_mmh, Water_Level_m, Seismic_Activity_ms2, Solar_Radiation_Wm2, Soil_Settlement_mm, Vehicle_Load_tons, Traffic_Volume_vph, Pedestrian_Load_pph, Impact_Events_g, Dynamic_Load_Distribution_percent, Anomaly_Detection_Score, Energy_Dissipation_au, Acoustic_Emissions_levels, Visual_Analysis_Defect_Score, Electrical_Resistance_ohms, Localized_Strain_Hotspot, Soil_Saturation_percent, Simulated_Slope_Displacement_mm, Simulated_Wind_Load_Pressure_kPa, Simulated_Localized_Stress_Index
2026-05-30 23:43:41,423 - INFO - Monitoring complete.
2026-05-31 06:14:41,206 - INFO - ============================================================
2026-05-31 06:14:41,206 - INFO - BRIDGE MONITORING
2026-05-31 06:14:41,206 - INFO - ============================================================
2026-05-31 06:14:41,681 - INFO - Strain_microstrain: KS=1.0000, p=0.000000, drift=True
2026-05-31 06:14:41,686 - INFO - Deflection_mm: KS=1.0000, p=0.000000, drift=True
2026-05-31 06:14:41,691 - INFO - Vibration_ms2: KS=0.7262, p=0.000000, drift=True
2026-05-31 06:14:41,695 - INFO - Tilt_deg: KS=0.7419, p=0.000000, drift=True
2026-05-31 06:14:41,698 - INFO - Displacement_mm: KS=1.0000, p=0.000000, drift=True
2026-05-31 06:14:41,702 - INFO - Crack_Propagation_mm: KS=0.4999, p=0.000000, drift=True
2026-05-31 06:14:41,706 - INFO - Corrosion_Level_percent: KS=0.4974, p=0.000000, drift=True
2026-05-31 06:14:41,710 - INFO - Cable_Member_Tension_kN: KS=1.0000, p=0.000000, drift=True
2026-05-31 06:14:41,713 - INFO - Bearing_Joint_Forces_kN: KS=1.0000, p=0.000000, drift=True
2026-05-31 06:14:41,718 - INFO - Fatigue_Accumulation_au: KS=0.4964, p=0.000000, drift=True
2026-05-31 06:14:41,722 - INFO - Modal_Frequency_Hz: KS=0.9504, p=0.000000, drift=True
2026-05-31 06:14:41,726 - INFO - Temperature_C: KS=0.9538, p=0.000000, drift=True
2026-05-31 06:14:41,730 - INFO - Humidity_percent: KS=1.0000, p=0.000000, drift=True
2026-05-31 06:14:41,734 - INFO - Wind_Speed_ms: KS=1.0000, p=0.000000, drift=True
2026-05-31 06:14:41,738 - INFO - Wind_Direction_deg: KS=1.0000, p=0.000000, drift=True
2026-05-31 06:14:41,741 - INFO - Precipitation_mmh: KS=0.4891, p=0.000000, drift=True
2026-05-31 06:14:41,745 - INFO - Water_Level_m: KS=0.9914, p=0.000000, drift=True
2026-05-31 06:14:41,749 - INFO - Seismic_Activity_ms2: KS=0.9984, p=0.000000, drift=True
2026-05-31 06:14:41,754 - INFO - Solar_Radiation_Wm2: KS=0.7483, p=0.000000, drift=True
2026-05-31 06:14:41,758 - INFO - Soil_Settlement_mm: KS=0.4967, p=0.000000, drift=True
2026-05-31 06:14:41,762 - INFO - Vehicle_Load_tons: KS=1.0000, p=0.000000, drift=True
2026-05-31 06:14:41,766 - INFO - Traffic_Volume_vph: KS=1.0000, p=0.000000, drift=True
2026-05-31 06:14:41,769 - INFO - Pedestrian_Load_pph: KS=1.0000, p=0.000000, drift=True
2026-05-31 06:14:41,773 - INFO - Impact_Events_g: KS=1.0000, p=0.000000, drift=True
2026-05-31 06:14:41,777 - INFO - Dynamic_Load_Distribution_percent: KS=1.0000, p=0.000000, drift=True
2026-05-31 06:14:41,785 - INFO - Anomaly_Detection_Score: KS=0.9698, p=0.000000, drift=True
2026-05-31 06:14:41,790 - INFO - Energy_Dissipation_au: KS=0.7406, p=0.000000, drift=True
2026-05-31 06:14:41,794 - INFO - Acoustic_Emissions_levels: KS=0.9221, p=0.000000, drift=True
2026-05-31 06:14:41,797 - INFO - Visual_Analysis_Defect_Score: KS=0.5005, p=0.000000, drift=True
2026-05-31 06:14:41,802 - INFO - Electrical_Resistance_ohms: KS=0.5686, p=0.000000, drift=True
2026-05-31 06:14:41,805 - INFO - Localized_Strain_Hotspot: KS=0.9956, p=0.000000, drift=True
2026-05-31 06:14:41,822 - INFO - Flood_Event_Flag: KS=0.0001, p=1.000000, drift=False
2026-05-31 06:14:41,826 - INFO - Soil_Saturation_percent: KS=1.0000, p=0.000000, drift=True
2026-05-31 06:14:41,828 - INFO - Landslide_Ground_Movement: KS=0.0000, p=1.000000, drift=False
2026-05-31 06:14:41,832 - INFO - Simulated_Slope_Displacement_mm: KS=0.5016, p=0.000000, drift=True
2026-05-31 06:14:41,835 - INFO - High_Winds_Storms: KS=0.0000, p=1.000000, drift=False
2026-05-31 06:14:41,838 - INFO - Simulated_Wind_Load_Pressure_kPa: KS=0.5698, p=0.000000, drift=True
2026-05-31 06:14:41,841 - INFO - Abnormal_Traffic_Load_Surges: KS=0.0000, p=1.000000, drift=False
2026-05-31 06:14:41,844 - INFO - Simulated_Localized_Stress_Index: KS=0.5952, p=0.000000, drift=True
2026-05-31 06:14:41,848 - INFO - Monitoring metrics saved to: C:\Users\sandu\Downloads\assignment123124123\applied-project-cl04_g06\artifacts\metrics\monitoring_metrics.json
2026-05-31 06:14:41,848 - INFO - Drift report saved to: C:\Users\sandu\Downloads\assignment123124123\applied-project-cl04_g06\monitoring\reports\drift_report.json
2026-05-31 06:14:41,848 - INFO - Alerts saved to: C:\Users\sandu\Downloads\assignment123124123\applied-project-cl04_g06\monitoring\alerts\monitoring_alerts.txt
2026-05-31 06:14:41,848 - INFO - Updating HTML dashboard: C:\Users\sandu\Downloads\assignment123124123\applied-project-cl04_g06\reports\monitoring_dashboard.html
2026-05-31 06:14:41,852 - INFO - Successfully connected monitor metrics to monitoring_dashboard.html
2026-05-31 06:14:41,852 - INFO - ALERT: Data drift detected in 35 feature(s): Strain_microstrain, Deflection_mm, Vibration_ms2, Tilt_deg, Displacement_mm, Crack_Propagation_mm, Corrosion_Level_percent, Cable_Member_Tension_kN, Bearing_Joint_Forces_kN, Fatigue_Accumulation_au, Modal_Frequency_Hz, Temperature_C, Humidity_percent, Wind_Speed_ms, Wind_Direction_deg, Precipitation_mmh, Water_Level_m, Seismic_Activity_ms2, Solar_Radiation_Wm2, Soil_Settlement_mm, Vehicle_Load_tons, Traffic_Volume_vph, Pedestrian_Load_pph, Impact_Events_g, Dynamic_Load_Distribution_percent, Anomaly_Detection_Score, Energy_Dissipation_au, Acoustic_Emissions_levels, Visual_Analysis_Defect_Score, Electrical_Resistance_ohms, Localized_Strain_Hotspot, Soil_Saturation_percent, Simulated_Slope_Displacement_mm, Simulated_Wind_Load_Pressure_kPa, Simulated_Localized_Stress_Index
2026-05-31 06:14:41,852 - INFO - Monitoring complete.
2026-05-31 06:53:37,893 - INFO - ============================================================
2026-05-31 06:53:37,893 - INFO - BRIDGE MONITORING
2026-05-31 06:53:37,893 - INFO - ============================================================
2026-05-31 06:53:38,390 - INFO - Strain_microstrain: KS=1.0000, p=0.000000, drift=True
2026-05-31 06:53:38,394 - INFO - Deflection_mm: KS=1.0000, p=0.000000, drift=True
2026-05-31 06:53:38,398 - INFO - Vibration_ms2: KS=0.7262, p=0.000000, drift=True
2026-05-31 06:53:38,404 - INFO - Tilt_deg: KS=0.7419, p=0.000000, drift=True
2026-05-31 06:53:38,408 - INFO - Displacement_mm: KS=1.0000, p=0.000000, drift=True
2026-05-31 06:53:38,411 - INFO - Crack_Propagation_mm: KS=0.4999, p=0.000000, drift=True
2026-05-31 06:53:38,415 - INFO - Corrosion_Level_percent: KS=0.4974, p=0.000000, drift=True
2026-05-31 06:53:38,419 - INFO - Cable_Member_Tension_kN: KS=1.0000, p=0.000000, drift=True
2026-05-31 06:53:38,422 - INFO - Bearing_Joint_Forces_kN: KS=1.0000, p=0.000000, drift=True
2026-05-31 06:53:38,426 - INFO - Fatigue_Accumulation_au: KS=0.4964, p=0.000000, drift=True
2026-05-31 06:53:38,430 - INFO - Modal_Frequency_Hz: KS=0.9504, p=0.000000, drift=True
2026-05-31 06:53:38,434 - INFO - Temperature_C: KS=0.9538, p=0.000000, drift=True
2026-05-31 06:53:38,438 - INFO - Humidity_percent: KS=1.0000, p=0.000000, drift=True
2026-05-31 06:53:38,442 - INFO - Wind_Speed_ms: KS=1.0000, p=0.000000, drift=True
2026-05-31 06:53:38,445 - INFO - Wind_Direction_deg: KS=1.0000, p=0.000000, drift=True
2026-05-31 06:53:38,449 - INFO - Precipitation_mmh: KS=0.4891, p=0.000000, drift=True
2026-05-31 06:53:38,453 - INFO - Water_Level_m: KS=0.9914, p=0.000000, drift=True
2026-05-31 06:53:38,457 - INFO - Seismic_Activity_ms2: KS=0.9984, p=0.000000, drift=True
2026-05-31 06:53:38,461 - INFO - Solar_Radiation_Wm2: KS=0.7483, p=0.000000, drift=True
2026-05-31 06:53:38,464 - INFO - Soil_Settlement_mm: KS=0.4967, p=0.000000, drift=True
2026-05-31 06:53:38,468 - INFO - Vehicle_Load_tons: KS=1.0000, p=0.000000, drift=True
2026-05-31 06:53:38,472 - INFO - Traffic_Volume_vph: KS=1.0000, p=0.000000, drift=True
2026-05-31 06:53:38,476 - INFO - Pedestrian_Load_pph: KS=1.0000, p=0.000000, drift=True
2026-05-31 06:53:38,479 - INFO - Impact_Events_g: KS=1.0000, p=0.000000, drift=True
2026-05-31 06:53:38,483 - INFO - Dynamic_Load_Distribution_percent: KS=1.0000, p=0.000000, drift=True
2026-05-31 06:53:38,491 - INFO - Anomaly_Detection_Score: KS=0.9698, p=0.000000, drift=True
2026-05-31 06:53:38,495 - INFO - Energy_Dissipation_au: KS=0.7406, p=0.000000, drift=True
2026-05-31 06:53:38,499 - INFO - Acoustic_Emissions_levels: KS=0.9221, p=0.000000, drift=True
2026-05-31 06:53:38,503 - INFO - Visual_Analysis_Defect_Score: KS=0.5005, p=0.000000, drift=True
2026-05-31 06:53:38,506 - INFO - Electrical_Resistance_ohms: KS=0.5686, p=0.000000, drift=True
2026-05-31 06:53:38,509 - INFO - Localized_Strain_Hotspot: KS=0.9956, p=0.000000, drift=True
2026-05-31 06:53:38,526 - INFO - Flood_Event_Flag: KS=0.0001, p=1.000000, drift=False
2026-05-31 06:53:38,529 - INFO - Soil_Saturation_percent: KS=1.0000, p=0.000000, drift=True
2026-05-31 06:53:38,531 - INFO - Landslide_Ground_Movement: KS=0.0000, p=1.000000, drift=False
2026-05-31 06:53:38,535 - INFO - Simulated_Slope_Displacement_mm: KS=0.5016, p=0.000000, drift=True
2026-05-31 06:53:38,537 - INFO - High_Winds_Storms: KS=0.0000, p=1.000000, drift=False
2026-05-31 06:53:38,541 - INFO - Simulated_Wind_Load_Pressure_kPa: KS=0.5698, p=0.000000, drift=True
2026-05-31 06:53:38,544 - INFO - Abnormal_Traffic_Load_Surges: KS=0.0000, p=1.000000, drift=False
2026-05-31 06:53:38,548 - INFO - Simulated_Localized_Stress_Index: KS=0.5952, p=0.000000, drift=True
2026-05-31 06:53:38,551 - INFO - Monitoring metrics saved to: C:\Users\sandu\Downloads\assignment123124123\applied-project-cl04_g06\artifacts\metrics\monitoring_metrics.json
2026-05-31 06:53:38,551 - INFO - Drift report saved to: C:\Users\sandu\Downloads\assignment123124123\applied-project-cl04_g06\monitoring\reports\drift_report.json
2026-05-31 06:53:38,551 - INFO - Alerts saved to: C:\Users\sandu\Downloads\assignment123124123\applied-project-cl04_g06\monitoring\alerts\monitoring_alerts.txt
2026-05-31 06:53:38,551 - INFO - Updating HTML dashboard: C:\Users\sandu\Downloads\assignment123124123\applied-project-cl04_g06\reports\monitoring_dashboard.html
2026-05-31 06:53:38,554 - INFO - Successfully connected monitor metrics to monitoring_dashboard.html
2026-05-31 06:53:38,554 - INFO - ALERT: Data drift detected in 35 feature(s): Strain_microstrain, Deflection_mm, Vibration_ms2, Tilt_deg, Displacement_mm, Crack_Propagation_mm, Corrosion_Level_percent, Cable_Member_Tension_kN, Bearing_Joint_Forces_kN, Fatigue_Accumulation_au, Modal_Frequency_Hz, Temperature_C, Humidity_percent, Wind_Speed_ms, Wind_Direction_deg, Precipitation_mmh, Water_Level_m, Seismic_Activity_ms2, Solar_Radiation_Wm2, Soil_Settlement_mm, Vehicle_Load_tons, Traffic_Volume_vph, Pedestrian_Load_pph, Impact_Events_g, Dynamic_Load_Distribution_percent, Anomaly_Detection_Score, Energy_Dissipation_au, Acoustic_Emissions_levels, Visual_Analysis_Defect_Score, Electrical_Resistance_ohms, Localized_Strain_Hotspot, Soil_Saturation_percent, Simulated_Slope_Displacement_mm, Simulated_Wind_Load_Pressure_kPa, Simulated_Localized_Stress_Index
2026-05-31 06:53:38,554 - INFO - Monitoring complete.
