2026-05-30 22:40:29,745 - INFO - 
============================================================
2026-05-30 22:40:29,745 - INFO - BRIDGE DATA PREPROCESSING PIPELINE
2026-05-30 22:40:29,746 - INFO - ============================================================
2026-05-30 22:40:29,746 - INFO - ============================================================
2026-05-30 22:40:29,746 - INFO - LOAD DATASET
2026-05-30 22:40:29,747 - INFO - ============================================================
2026-05-30 22:40:30,345 - INFO - Date range: 2023-01-01 00:00:00 -> 2023-01-30 23:59:00
2026-05-30 22:40:30,345 - INFO - Loaded dataset: C:\Users\Dev Bohra\Desktop\applied-project-cl04_g06\data\raw_dataset\bridge_digital_twin_dataset.csv
2026-05-30 22:40:30,356 - INFO - Shape: 43,200 rows, 54 columns
2026-05-30 22:40:30,523 - INFO - Duplicates removed: 0
2026-05-30 22:40:30,530 - INFO - Columns dropped: 13
2026-05-30 22:40:30,531 - INFO - - Vibration_Anomaly_Location
2026-05-30 22:40:30,531 - INFO - - SHI_Predicted_24h_Ahead
2026-05-30 22:40:30,531 - INFO - - SHI_Predicted_7d_Ahead
2026-05-30 22:40:30,531 - INFO - - SHI_Predicted_30d_Ahead
2026-05-30 22:40:30,531 - INFO - - Bridge_Mood_Meter
2026-05-30 22:40:30,532 - INFO - - Probability_of_Failure_PoF
2026-05-30 22:40:30,532 - INFO - - Maintenance_Alert
2026-05-30 22:40:30,532 - INFO - - Estimated_Repair_Cost_USD_incremental
2026-05-30 22:40:30,532 - INFO - - Carbon_Footprint_tCO2e_incremental
2026-05-30 22:40:30,532 - INFO - - Energy_Harvesting_Potential_W
2026-05-30 22:40:30,533 - INFO - - Simulated_Water_Flow_m3s
2026-05-30 22:40:30,533 - INFO - - Axle_Counts_pmin
2026-05-30 22:40:30,533 - INFO - - Air_Quality_Index_AQI
2026-05-30 22:40:30,548 - INFO - Missing values before: 69074
2026-05-30 22:40:30,729 - INFO - Missing values after: 0
2026-05-30 22:40:30,986 - INFO - Total outlier values corrected: 2543
2026-05-30 22:40:30,986 - INFO - No categorical columns to encode.
2026-05-30 22:40:31,064 - INFO - Scaled columns: 35
2026-05-30 22:40:31,064 - INFO - Scaler saved to: C:\Users\Dev Bohra\Desktop\applied-project-cl04_g06\artifacts\preprocessing\scaler.pkl
2026-05-30 22:40:31,103 - INFO - Feature columns saved to: C:\Users\Dev Bohra\Desktop\applied-project-cl04_g06\artifacts\preprocessing\feature_columns.json
2026-05-30 22:40:31,128 - INFO - X_new saved to: C:\Users\Dev Bohra\Desktop\applied-project-cl04_g06\artifacts\data\X_new.npy
2026-05-30 22:40:31,129 - INFO - Data version saved to: C:\Users\Dev Bohra\Desktop\applied-project-cl04_g06\artifacts\metadata\data_version.txt
2026-05-30 22:40:31,129 - INFO - ============================================================
2026-05-30 22:40:31,129 - INFO - VALIDATION REPORT
2026-05-30 22:40:31,129 - INFO - ============================================================
2026-05-30 22:40:31,129 - INFO - Original shape: (43200, 54)
2026-05-30 22:40:31,129 - INFO - Cleaned shape: (43200, 41)
2026-05-30 22:40:31,138 - INFO - Missing values: 0
2026-05-30 22:40:31,253 - INFO - Duplicate rows: 0
2026-05-30 22:40:31,253 - INFO - Target summary:
2026-05-30 22:40:31,261 - INFO - count    43200.000000
mean         0.815946
std          0.052700
min          0.292081
25%          0.797216
50%          0.822932
75%          0.845439
max          0.907657
2026-05-30 22:40:36,923 - INFO - Cleaned dataset saved to: C:\Users\Dev Bohra\Desktop\applied-project-cl04_g06\data\cleaned\bridge_cleaned.csv
2026-05-30 22:40:36,923 - INFO - Processed dataset saved to: C:\Users\Dev Bohra\Desktop\applied-project-cl04_g06\data\processed\bridge_processed.csv
2026-05-30 22:40:36,923 - INFO - Preprocessing pipeline complete.
2026-05-30 22:48:02,011 - INFO - 
============================================================
2026-05-30 22:48:02,011 - INFO - BRIDGE DATA PREPROCESSING PIPELINE
2026-05-30 22:48:02,011 - INFO - ============================================================
2026-05-30 22:48:02,011 - INFO - ============================================================
2026-05-30 22:48:02,011 - INFO - LOAD DATASET
2026-05-30 22:48:02,011 - INFO - ============================================================
2026-05-30 22:48:02,617 - INFO - Date range: 2023-01-01 00:00:00 -> 2023-01-30 23:59:00
2026-05-30 22:48:02,617 - INFO - Loaded dataset: C:\Users\Dev Bohra\Desktop\applied-project-cl04_g06\data\raw_dataset\bridge_digital_twin_dataset.csv
2026-05-30 22:48:02,617 - INFO - Shape: 43,200 rows, 54 columns
2026-05-30 22:48:02,773 - INFO - Duplicates removed: 0
2026-05-30 22:48:02,794 - INFO - Columns dropped: 13
2026-05-30 22:48:02,794 - INFO - - Vibration_Anomaly_Location
2026-05-30 22:48:02,794 - INFO - - SHI_Predicted_24h_Ahead
2026-05-30 22:48:02,796 - INFO - - SHI_Predicted_7d_Ahead
2026-05-30 22:48:02,796 - INFO - - SHI_Predicted_30d_Ahead
2026-05-30 22:48:02,796 - INFO - - Bridge_Mood_Meter
2026-05-30 22:48:02,796 - INFO - - Probability_of_Failure_PoF
2026-05-30 22:48:02,797 - INFO - - Maintenance_Alert
2026-05-30 22:48:02,797 - INFO - - Estimated_Repair_Cost_USD_incremental
2026-05-30 22:48:02,797 - INFO - - Carbon_Footprint_tCO2e_incremental
2026-05-30 22:48:02,797 - INFO - - Energy_Harvesting_Potential_W
2026-05-30 22:48:02,797 - INFO - - Simulated_Water_Flow_m3s
2026-05-30 22:48:02,798 - INFO - - Axle_Counts_pmin
2026-05-30 22:48:02,798 - INFO - - Air_Quality_Index_AQI
2026-05-30 22:48:02,817 - INFO - Missing values before: 69074
2026-05-30 22:48:02,991 - INFO - Missing values after: 0
2026-05-30 22:48:03,255 - INFO - Total outlier values corrected: 2543
2026-05-30 22:48:03,255 - INFO - No categorical columns to encode.
2026-05-30 22:48:03,352 - INFO - Scaled columns: 35
2026-05-30 22:48:03,352 - INFO - Scaler saved to: C:\Users\Dev Bohra\Desktop\applied-project-cl04_g06\artifacts\preprocessing\scaler.pkl
2026-05-30 22:48:03,382 - INFO - Feature columns saved to: C:\Users\Dev Bohra\Desktop\applied-project-cl04_g06\artifacts\preprocessing\feature_columns.json
2026-05-30 22:48:03,416 - INFO - X_new saved to: C:\Users\Dev Bohra\Desktop\applied-project-cl04_g06\artifacts\data\X_new.npy
2026-05-30 22:48:03,421 - INFO - Data version saved to: C:\Users\Dev Bohra\Desktop\applied-project-cl04_g06\artifacts\metadata\data_version.txt
2026-05-30 22:48:03,421 - INFO - ============================================================
2026-05-30 22:48:03,422 - INFO - VALIDATION REPORT
2026-05-30 22:48:03,422 - INFO - ============================================================
2026-05-30 22:48:03,422 - INFO - Original shape: (43200, 54)
2026-05-30 22:48:03,422 - INFO - Cleaned shape: (43200, 41)
2026-05-30 22:48:03,476 - INFO - Missing values: 0
2026-05-30 22:48:03,597 - INFO - Duplicate rows: 0
2026-05-30 22:48:03,597 - INFO - Target summary:
2026-05-30 22:48:03,601 - INFO - count    43200.000000
mean         0.815946
std          0.052700
min          0.292081
25%          0.797216
50%          0.822932
75%          0.845439
max          0.907657
2026-05-30 22:48:09,296 - INFO - Cleaned dataset saved to: C:\Users\Dev Bohra\Desktop\applied-project-cl04_g06\data\cleaned\bridge_cleaned.csv
2026-05-30 22:48:09,296 - INFO - Processed dataset saved to: C:\Users\Dev Bohra\Desktop\applied-project-cl04_g06\data\processed\bridge_processed.csv
2026-05-30 22:48:09,296 - INFO - Preprocessing pipeline complete.
2026-05-30 22:55:44,978 - INFO - 
============================================================
2026-05-30 22:55:44,980 - INFO - BRIDGE DATA PREPROCESSING PIPELINE
2026-05-30 22:55:44,980 - INFO - ============================================================
2026-05-30 22:55:44,980 - INFO - ============================================================
2026-05-30 22:55:44,980 - INFO - LOAD DATASET
2026-05-30 22:55:44,980 - INFO - ============================================================
2026-05-30 22:55:45,547 - INFO - Date range: 2023-01-01 00:00:00 -> 2023-01-30 23:59:00
2026-05-30 22:55:45,553 - INFO - Loaded dataset: C:\Users\Dev Bohra\Desktop\applied-project-cl04_g06\data\raw_dataset\bridge_digital_twin_dataset.csv
2026-05-30 22:55:45,553 - INFO - Shape: 43,200 rows, 54 columns
2026-05-30 22:55:45,702 - INFO - Duplicates removed: 0
2026-05-30 22:55:45,718 - INFO - Columns dropped: 13
2026-05-30 22:55:45,718 - INFO - - Vibration_Anomaly_Location
2026-05-30 22:55:45,718 - INFO - - SHI_Predicted_24h_Ahead
2026-05-30 22:55:45,723 - INFO - - SHI_Predicted_7d_Ahead
2026-05-30 22:55:45,723 - INFO - - SHI_Predicted_30d_Ahead
2026-05-30 22:55:45,723 - INFO - - Bridge_Mood_Meter
2026-05-30 22:55:45,723 - INFO - - Probability_of_Failure_PoF
2026-05-30 22:55:45,723 - INFO - - Maintenance_Alert
2026-05-30 22:55:45,724 - INFO - - Estimated_Repair_Cost_USD_incremental
2026-05-30 22:55:45,724 - INFO - - Carbon_Footprint_tCO2e_incremental
2026-05-30 22:55:45,725 - INFO - - Energy_Harvesting_Potential_W
2026-05-30 22:55:45,725 - INFO - - Simulated_Water_Flow_m3s
2026-05-30 22:55:45,725 - INFO - - Axle_Counts_pmin
2026-05-30 22:55:45,725 - INFO - - Air_Quality_Index_AQI
2026-05-30 22:55:45,739 - INFO - Missing values before: 69074
2026-05-30 22:55:45,882 - INFO - Missing values after: 0
2026-05-30 22:55:46,134 - INFO - Total outlier values corrected: 2543
2026-05-30 22:55:46,135 - INFO - No categorical columns to encode.
2026-05-30 22:55:46,210 - INFO - Scaled columns: 35
2026-05-30 22:55:46,210 - INFO - Scaler saved to: C:\Users\Dev Bohra\Desktop\applied-project-cl04_g06\artifacts\preprocessing\scaler.pkl
2026-05-30 22:55:46,238 - INFO - Feature columns saved to: C:\Users\Dev Bohra\Desktop\applied-project-cl04_g06\artifacts\preprocessing\feature_columns.json
2026-05-30 22:55:46,264 - INFO - X_new saved to: C:\Users\Dev Bohra\Desktop\applied-project-cl04_g06\artifacts\data\X_new.npy
2026-05-30 22:55:46,266 - INFO - Data version saved to: C:\Users\Dev Bohra\Desktop\applied-project-cl04_g06\artifacts\metadata\data_version.txt
2026-05-30 22:55:46,266 - INFO - ============================================================
2026-05-30 22:55:46,268 - INFO - VALIDATION REPORT
2026-05-30 22:55:46,268 - INFO - ============================================================
2026-05-30 22:55:46,268 - INFO - Original shape: (43200, 54)
2026-05-30 22:55:46,268 - INFO - Cleaned shape: (43200, 41)
2026-05-30 22:55:46,274 - INFO - Missing values: 0
2026-05-30 22:55:46,389 - INFO - Duplicate rows: 0
2026-05-30 22:55:46,390 - INFO - Target summary:
2026-05-30 22:55:46,394 - INFO - count    43200.000000
mean         0.815946
std          0.052700
min          0.292081
25%          0.797216
50%          0.822932
75%          0.845439
max          0.907657
2026-05-30 22:55:52,054 - INFO - Cleaned dataset saved to: C:\Users\Dev Bohra\Desktop\applied-project-cl04_g06\data\cleaned\bridge_cleaned.csv
2026-05-30 22:55:52,054 - INFO - Processed dataset saved to: C:\Users\Dev Bohra\Desktop\applied-project-cl04_g06\data\processed\bridge_processed.csv
2026-05-30 22:55:52,054 - INFO - Preprocessing pipeline complete.
2026-05-31 06:13:27,841 - INFO - 
============================================================
2026-05-31 06:13:27,841 - INFO - BRIDGE DATA PREPROCESSING PIPELINE
2026-05-31 06:13:27,841 - INFO - ============================================================
2026-05-31 06:13:27,841 - INFO - ============================================================
2026-05-31 06:13:27,841 - INFO - LOAD DATASET
2026-05-31 06:13:27,841 - INFO - ============================================================
2026-05-31 06:13:28,100 - INFO - Date range: 2023-01-01 00:00:00 -> 2023-01-30 23:59:00
2026-05-31 06:13:28,100 - INFO - Loaded dataset: C:\Users\sandu\Downloads\assignment123124123\applied-project-cl04_g06\data\raw_dataset\bridge_digital_twin_dataset.csv
2026-05-31 06:13:28,100 - INFO - Shape: 43,200 rows, 54 columns
2026-05-31 06:13:28,172 - INFO - Duplicates removed: 0
2026-05-31 06:13:28,173 - INFO - Columns dropped: 13
2026-05-31 06:13:28,173 - INFO - - Vibration_Anomaly_Location
2026-05-31 06:13:28,173 - INFO - - SHI_Predicted_24h_Ahead
2026-05-31 06:13:28,173 - INFO - - SHI_Predicted_7d_Ahead
2026-05-31 06:13:28,173 - INFO - - SHI_Predicted_30d_Ahead
2026-05-31 06:13:28,173 - INFO - - Bridge_Mood_Meter
2026-05-31 06:13:28,173 - INFO - - Probability_of_Failure_PoF
2026-05-31 06:13:28,173 - INFO - - Maintenance_Alert
2026-05-31 06:13:28,173 - INFO - - Estimated_Repair_Cost_USD_incremental
2026-05-31 06:13:28,173 - INFO - - Carbon_Footprint_tCO2e_incremental
2026-05-31 06:13:28,173 - INFO - - Energy_Harvesting_Potential_W
2026-05-31 06:13:28,173 - INFO - - Simulated_Water_Flow_m3s
2026-05-31 06:13:28,173 - INFO - - Axle_Counts_pmin
2026-05-31 06:13:28,173 - INFO - - Air_Quality_Index_AQI
2026-05-31 06:13:28,179 - INFO - Missing values before: 69074
2026-05-31 06:13:28,285 - INFO - Missing values after: 0
2026-05-31 06:13:28,469 - INFO - Total outlier values corrected: 2543
2026-05-31 06:13:28,469 - INFO - No categorical columns to encode.
2026-05-31 06:13:28,542 - INFO - Scaled columns: 35
2026-05-31 06:13:28,542 - INFO - Scaler saved to: C:\Users\sandu\Downloads\assignment123124123\applied-project-cl04_g06\artifacts\preprocessing\scaler.pkl
2026-05-31 06:13:28,544 - INFO - Feature columns saved to: C:\Users\sandu\Downloads\assignment123124123\applied-project-cl04_g06\artifacts\preprocessing\feature_columns.json
2026-05-31 06:13:28,557 - INFO - X_new saved to: C:\Users\sandu\Downloads\assignment123124123\applied-project-cl04_g06\artifacts\data\X_new.npy
2026-05-31 06:13:28,559 - INFO - Data version saved to: C:\Users\sandu\Downloads\assignment123124123\applied-project-cl04_g06\artifacts\metadata\data_version.txt
2026-05-31 06:13:28,559 - INFO - ============================================================
2026-05-31 06:13:28,559 - INFO - VALIDATION REPORT
2026-05-31 06:13:28,559 - INFO - ============================================================
2026-05-31 06:13:28,559 - INFO - Original shape: (43200, 54)
2026-05-31 06:13:28,559 - INFO - Cleaned shape: (43200, 41)
2026-05-31 06:13:28,562 - INFO - Missing values: 0
2026-05-31 06:13:28,608 - INFO - Duplicate rows: 0
2026-05-31 06:13:28,608 - INFO - Target summary:
2026-05-31 06:13:28,610 - INFO - count    43200.000000
mean         0.815946
std          0.052700
min          0.292081
25%          0.797216
50%          0.822932
75%          0.845439
max          0.907657
2026-05-31 06:13:30,966 - INFO - Cleaned dataset saved to: C:\Users\sandu\Downloads\assignment123124123\applied-project-cl04_g06\data\cleaned\bridge_cleaned.csv
2026-05-31 06:13:30,966 - INFO - Processed dataset saved to: C:\Users\sandu\Downloads\assignment123124123\applied-project-cl04_g06\data\processed\bridge_processed.csv
2026-05-31 06:13:30,966 - INFO - Preprocessing pipeline complete.
2026-05-31 06:51:50,360 - INFO - 
============================================================
2026-05-31 06:51:50,361 - INFO - BRIDGE DATA PREPROCESSING PIPELINE
2026-05-31 06:51:50,361 - INFO - ============================================================
2026-05-31 06:51:50,361 - INFO - ============================================================
2026-05-31 06:51:50,361 - INFO - LOAD DATASET
2026-05-31 06:51:50,361 - INFO - ============================================================
2026-05-31 06:51:50,619 - INFO - Date range: 2023-01-01 00:00:00 -> 2023-01-30 23:59:00
2026-05-31 06:51:50,619 - INFO - Loaded dataset: C:\Users\sandu\Downloads\assignment123124123\applied-project-cl04_g06\data\raw_dataset\bridge_digital_twin_dataset.csv
2026-05-31 06:51:50,619 - INFO - Shape: 43,200 rows, 54 columns
2026-05-31 06:51:50,685 - INFO - Duplicates removed: 0
2026-05-31 06:51:50,687 - INFO - Columns dropped: 13
2026-05-31 06:51:50,687 - INFO - - Vibration_Anomaly_Location
2026-05-31 06:51:50,687 - INFO - - SHI_Predicted_24h_Ahead
2026-05-31 06:51:50,687 - INFO - - SHI_Predicted_7d_Ahead
2026-05-31 06:51:50,687 - INFO - - SHI_Predicted_30d_Ahead
2026-05-31 06:51:50,687 - INFO - - Bridge_Mood_Meter
2026-05-31 06:51:50,687 - INFO - - Probability_of_Failure_PoF
2026-05-31 06:51:50,687 - INFO - - Maintenance_Alert
2026-05-31 06:51:50,687 - INFO - - Estimated_Repair_Cost_USD_incremental
2026-05-31 06:51:50,687 - INFO - - Carbon_Footprint_tCO2e_incremental
2026-05-31 06:51:50,687 - INFO - - Energy_Harvesting_Potential_W
2026-05-31 06:51:50,687 - INFO - - Simulated_Water_Flow_m3s
2026-05-31 06:51:50,687 - INFO - - Axle_Counts_pmin
2026-05-31 06:51:50,687 - INFO - - Air_Quality_Index_AQI
2026-05-31 06:51:50,693 - INFO - Missing values before: 69074
2026-05-31 06:51:50,783 - INFO - Missing values after: 0
2026-05-31 06:51:50,910 - INFO - Total outlier values corrected: 2543
2026-05-31 06:51:50,910 - INFO - No categorical columns to encode.
2026-05-31 06:51:50,971 - INFO - Scaled columns: 35
2026-05-31 06:51:50,971 - INFO - Scaler saved to: C:\Users\sandu\Downloads\assignment123124123\applied-project-cl04_g06\artifacts\preprocessing\scaler.pkl
2026-05-31 06:51:50,973 - INFO - Feature columns saved to: C:\Users\sandu\Downloads\assignment123124123\applied-project-cl04_g06\artifacts\preprocessing\feature_columns.json
2026-05-31 06:51:50,983 - INFO - X_new saved to: C:\Users\sandu\Downloads\assignment123124123\applied-project-cl04_g06\artifacts\data\X_new.npy
2026-05-31 06:51:50,985 - INFO - Data version saved to: C:\Users\sandu\Downloads\assignment123124123\applied-project-cl04_g06\artifacts\metadata\data_version.txt
2026-05-31 06:51:50,985 - INFO - ============================================================
2026-05-31 06:51:50,985 - INFO - VALIDATION REPORT
2026-05-31 06:51:50,985 - INFO - ============================================================
2026-05-31 06:51:50,985 - INFO - Original shape: (43200, 54)
2026-05-31 06:51:50,985 - INFO - Cleaned shape: (43200, 41)
2026-05-31 06:51:50,989 - INFO - Missing values: 0
2026-05-31 06:51:51,030 - INFO - Duplicate rows: 0
2026-05-31 06:51:51,030 - INFO - Target summary:
2026-05-31 06:51:51,033 - INFO - count    43200.000000
mean         0.815946
std          0.052700
min          0.292081
25%          0.797216
50%          0.822932
75%          0.845439
max          0.907657
2026-05-31 06:51:53,288 - INFO - Cleaned dataset saved to: C:\Users\sandu\Downloads\assignment123124123\applied-project-cl04_g06\data\cleaned\bridge_cleaned.csv
2026-05-31 06:51:53,288 - INFO - Processed dataset saved to: C:\Users\sandu\Downloads\assignment123124123\applied-project-cl04_g06\data\processed\bridge_processed.csv
2026-05-31 06:51:53,288 - INFO - Preprocessing pipeline complete.
